[INFO] Scanning for projects...
[INFO] ------------------------------------------------------------------------
[INFO] Detecting the operating system and CPU architecture
[INFO] ------------------------------------------------------------------------
[INFO] os.detected.name: osx
[INFO] os.detected.arch: aarch_64
[INFO] os.detected.bitness: 64
[INFO] os.detected.version: 15.6
[INFO] os.detected.version.major: 15
[INFO] os.detected.version.minor: 6
[INFO] os.detected.classifier: osx-aarch_64
[INFO] 
[INFO] ---------------------< com.example:tax-processing >---------------------
[INFO] Building tax-processing 1.0-SNAPSHOT
[INFO]   from pom.xml
[INFO] --------------------------------[ jar ]---------------------------------
[INFO] 
[INFO] --- clean:3.2.0:clean (default-clean) @ tax-processing ---
[INFO] Deleting /Users/alan/lightbend/workspace/akkasdk/spovs/tax-processing/target
[INFO] 
[INFO] --- build-helper:3.2.0:add-source (add-java-source) @ tax-processing ---
[INFO] Source directory: /Users/alan/lightbend/workspace/akkasdk/spovs/tax-processing/target/generated-sources/akka-grpc-java added.
[INFO] 
[INFO] --- resources:3.3.1:resources (default-resources) @ tax-processing ---
[INFO] Copying 3 resources from src/main/resources to target/classes
[INFO] 
[INFO] --- compiler:3.13.0:compile (default-compile) @ tax-processing ---
[INFO] Recompiling the module because of changed source code.
[INFO] Compiling 28 source files with javac [debug release 21] to target/classes
[INFO] Validating Akka components...
[INFO] Akka SDK annotation processor detected components: 2 http-endpoint, 1 view, 3 workflow, 1 service-setup, 1 event-sourced-entity
[INFO] Validating Akka components...
[INFO] /Users/alan/lightbend/workspace/akkasdk/spovs/tax-processing/src/main/java/com/example/Bootstrap.java: /Users/alan/lightbend/workspace/akkasdk/spovs/tax-processing/src/main/java/com/example/Bootstrap.java uses unchecked or unsafe operations.
[INFO] /Users/alan/lightbend/workspace/akkasdk/spovs/tax-processing/src/main/java/com/example/Bootstrap.java: Recompile with -Xlint:unchecked for details.
[INFO] 
[INFO] --- exec:3.4.1:java (default-cli) @ tax-processing ---
09:28:54.325 ERROR akka.runtime.SdkLogger - Failed to start runtime
com.typesafe.config.ConfigException$Parse: application.conf @ file:/Users/alan/lightbend/workspace/akkasdk/spovs/tax-processing/target/classes/application.conf: 20: Key 'monitorin' may not be followed by token: 'pool' (if you intended 'pool' to be part of a key or string value, try enclosing the key or value in double quotes)
	at com.typesafe.config.impl.ConfigDocumentParser$ParseContext.parseError(ConfigDocumentParser.java:201)
	at com.typesafe.config.impl.ConfigDocumentParser$ParseContext.parseError(ConfigDocumentParser.java:197)
	at com.typesafe.config.impl.ConfigDocumentParser$ParseContext.parseObject(ConfigDocumentParser.java:461)
	at com.typesafe.config.impl.ConfigDocumentParser$ParseContext.parseValue(ConfigDocumentParser.java:247)
	at com.typesafe.config.impl.ConfigDocumentParser$ParseContext.parseObject(ConfigDocumentParser.java:458)
	at com.typesafe.config.impl.ConfigDocumentParser$ParseContext.parseValue(ConfigDocumentParser.java:247)
	at com.typesafe.config.impl.ConfigDocumentParser$ParseContext.parseObject(ConfigDocumentParser.java:458)
	at com.typesafe.config.impl.ConfigDocumentParser$ParseContext.parse(ConfigDocumentParser.java:648)
	at com.typesafe.config.impl.ConfigDocumentParser.parse(ConfigDocumentParser.java:14)
	at com.typesafe.config.impl.Parseable.rawParseValue(Parseable.java:262)
	at com.typesafe.config.impl.Parseable.rawParseValue(Parseable.java:250)
	at com.typesafe.config.impl.Parseable.parseValue(Parseable.java:180)
	at com.typesafe.config.impl.Parseable.parseValue(Parseable.java:174)
	at com.typesafe.config.impl.Parseable.parseValue(Parseable.java:309)
	at com.typesafe.config.impl.Parseable$ParseableResources.rawParseValue(Parseable.java:738)
	at com.typesafe.config.impl.Parseable$ParseableResources.rawParseValue(Parseable.java:701)
	at com.typesafe.config.impl.Parseable.parseValue(Parseable.java:180)
	at com.typesafe.config.impl.Parseable.parseValue(Parseable.java:174)
	at com.typesafe.config.impl.Parseable.parse(Parseable.java:301)
	at com.typesafe.config.ConfigFactory.parseResources(ConfigFactory.java:1062)
	at com.typesafe.config.ConfigFactory.parseResources(ConfigFactory.java:1072)
	at akka.javasdk.impl.ApplicationConfig$.loadApplicationConf(ApplicationConfig.scala:32)
	at akka.javasdk.impl.SdkRunner.applicationConfig(SdkRunner.scala:165)
	at akka.javasdk.impl.SdkRunner.getSettings(SdkRunner.scala:168)
	at kalix.runtime.AkkaRuntimeMain$.start(AkkaRuntimeMain.scala:72)
	at kalix.runtime.AkkaRuntimeMain$.main(AkkaRuntimeMain.scala:66)
	at kalix.runtime.AkkaRuntimeMain.main(AkkaRuntimeMain.scala)
	at org.codehaus.mojo.exec.ExecJavaMojo.doMain(ExecJavaMojo.java:358)
	at org.codehaus.mojo.exec.ExecJavaMojo.doExec(ExecJavaMojo.java:347)
	at org.codehaus.mojo.exec.ExecJavaMojo.lambda$execute$0(ExecJavaMojo.java:269)
	at java.base/java.lang.Thread.run(Thread.java:1583)
[INFO] ------------------------------------------------------------------------
[INFO] BUILD SUCCESS
[INFO] ------------------------------------------------------------------------
[INFO] Total time:  1.347 s
[INFO] Finished at: 2025-12-30T09:28:54+01:00
[INFO] ------------------------------------------------------------------------
